// Jest Snapshot v1, https://goo.gl/fbAQLP

exports[`App empty 1`] = `
<div
  class="StyledGrommet-sc-19lkkz7-0 cgWvLW"
  style="min-height: 100vh;"
>
  <div
    class="StyledBox-sc-13pk1d4-0 fBnLMr"
  >
    <div
      class="StyledBox-sc-13pk1d4-0 hSQeaj"
    >
      <svg
        aria-label="InProgress"
        class="StyledIcon-ofa7kd-0 epgkHd"
        viewBox="0 0 24 24"
      >
        <path
          d="M1 1h22M10 4.5h4V6c0 1-2 2-2 2s-2-1-2-2V4.5zM5 1v5c0 3 5 3.235 5 6s-5 3-5 6v5M19 1v5c0 3-5 3.235-5 6s5 3 5 6v5M1 23h22M8 21c0-2 4-4 4-4s4 2 4 4v2H8v-2z"
          fill="none"
          stroke="#000"
          stroke-width="2"
        />
      </svg>
    </div>
  </div>
</div>
`;
